
[1m[46m RUN [49m[22m [36mv4.0.18 [39m[90mC:/Users/HK/Desktop/GitHub/FISHPLUS-Distributor[39m

[90mstdout[2m | test/database/queries.test.js[2m > [22m[2mDatabase Queries[2m > [22m[2mSettings[2m > [22m[2mshould get and set settings
[22m[39mInitializing database at: :memory:

node.exe : [90mstderr[2m | 
test/database/queries.test.js[2m > 
[22m[2mDatabase Queries[2m > 
[22m[2mSettings[2m > [22m[2mshould get and 
set settings
At line:1 char:1
+ & "C:\Program Files\nodejs/node.exe" 
"C:\Program Files\nodejs/node_mo ...
+ ~~~~~~~~~~~~~~~~~~~~~~~~~~~~~~~~~~~~~~~~~~~~~~~~
~~~~~~~~~~~~~~~~~~~~~
    + CategoryInfo          : NotSpecified: (    
[90mstderr[2m...nd set settings:String) [    ], 
RemoteException
    + FullyQualifiedErrorId : NativeCommandErr    
or
 
[22m[39mFailed to initialize database: Error: 
The module '\\?\C:\Users\HK\Desktop\GitHub\FISHPLU
S-Distributor\node_modules\better-sqlite3\build\Re
lease\better_sqlite3.node'
was compiled against a different Node.js version 
using
NODE_MODULE_VERSION 143. This version of Node.js 
requires
NODE_MODULE_VERSION 137. Please try re-compiling 
or re-installing
the module (for instance, using `npm rebuild` or 
`npm install`).
[90m    at Object..node 
(node:internal/modules/cjs/loader:1920:18)[39m
[90m    at Module.load 
(node:internal/modules/cjs/loader:1481:32)[39m
[90m    at Module._load 
(node:internal/modules/cjs/loader:1300:12)[39m
[90m    at TracingChannel.traceSync 
(node:diagnostics_channel:328:14)[39m
[90m    at wrapModuleLoad 
(node:internal/modules/cjs/loader:245:24)[39m
[90m    at Module.require 
(node:internal/modules/cjs/loader:1504:12)[39m
[90m    at require 
(node:internal/modules/helpers:152:16)[39m
    at bindings [90m(C:\Users\HK\Desktop\GitHub\F
ISHPLUS-Distributor\[39mnode_modules\[4mbindings
[24m\bindings.js:112:48[90m)[39m
    at new Database [90m(C:\Users\HK\Desktop\GitH
ub\FISHPLUS-Distributor\[39mnode_modules\[4mbett
er-sqlite3[24m\lib\database.js:48:64[90m)[39m
    at Object.initialize (C:/Users/HK/Desktop/GitH
ub/FISHPLUS-Distributor/src/database/index.js:34:1
0) {
  code: [32m'ERR_DLOPEN_FAILED'[39m
}

[90mstdout[2m | test/database/queries.test.js[2m > [22m[2mDatabase Queries[2m > [22m[2mSettings[2m > [22m[2mshould return null for non-existent setting
[22m[39mInitializing database at: :memory:

[90mstderr[2m | 
test/database/queries.test.js[2m > 
[22m[2mDatabase Queries[2m > 
[22m[2mSettings[2m > [22m[2mshould return 
null for non-existent setting
[22m[39mFailed to initialize database: Error: 
The module '\\?\C:\Users\HK\Desktop\GitHub\FISHPLU
S-Distributor\node_modules\better-sqlite3\build\Re
lease\better_sqlite3.node'
was compiled against a different Node.js version 
using
NODE_MODULE_VERSION 143. This version of Node.js 
requires
NODE_MODULE_VERSION 137. Please try re-compiling 
or re-installing
the module (for instance, using `npm rebuild` or 
`npm install`).
[90m    at Object..node 
(node:internal/modules/cjs/loader:1920:18)[39m
[90m    at Module.load 
(node:internal/modules/cjs/loader:1481:32)[39m
[90m    at Module._load 
(node:internal/modules/cjs/loader:1300:12)[39m
[90m    at TracingChannel.traceSync 
(node:diagnostics_channel:328:14)[39m
[90m    at wrapModuleLoad 
(node:internal/modules/cjs/loader:245:24)[39m
[90m    at Module.require 
(node:internal/modules/cjs/loader:1504:12)[39m
[90m    at require 
(node:internal/modules/helpers:152:16)[39m
    at bindings [90m(C:\Users\HK\Desktop\GitHub\F
ISHPLUS-Distributor\[39mnode_modules\[4mbindings
[24m\bindings.js:112:48[90m)[39m
    at new Database [90m(C:\Users\HK\Desktop\GitH
ub\FISHPLUS-Distributor\[39mnode_modules\[4mbett
er-sqlite3[24m\lib\database.js:48:64[90m)[39m
    at Object.initialize (C:/Users/HK/Desktop/GitH
ub/FISHPLUS-Distributor/src/database/index.js:34:1
0) {
  code: [32m'ERR_DLOPEN_FAILED'[39m
}

[90mstdout[2m | test/database/queries.test.js[2m > [22m[2mDatabase Queries[2m > [22m[2mSuppliers[2m > [22m[2mshould create and retrieve a supplier
[22m[39mInitializing database at: :memory:

[90mstderr[2m | 
test/database/queries.test.js[2m > 
[22m[2mDatabase Queries[2m > 
[22m[2mSuppliers[2m > [22m[2mshould create 
and retrieve a supplier
[22m[39mFailed to initialize database: Error: 
The module '\\?\C:\Users\HK\Desktop\GitHub\FISHPLU
S-Distributor\node_modules\better-sqlite3\build\Re
lease\better_sqlite3.node'
was compiled against a different Node.js version 
using
NODE_MODULE_VERSION 143. This version of Node.js 
requires
NODE_MODULE_VERSION 137. Please try re-compiling 
or re-installing
the module (for instance, using `npm rebuild` or 
`npm install`).
[90m    at Object..node 
(node:internal/modules/cjs/loader:1920:18)[39m
[90m    at Module.load 
(node:internal/modules/cjs/loader:1481:32)[39m
[90m    at Module._load 
(node:internal/modules/cjs/loader:1300:12)[39m
[90m    at TracingChannel.traceSync 
(node:diagnostics_channel:328:14)[39m
[90m    at wrapModuleLoad 
(node:internal/modules/cjs/loader:245:24)[39m
[90m    at Module.require 
(node:internal/modules/cjs/loader:1504:12)[39m
[90m    at require 
(node:internal/modules/helpers:152:16)[39m
    at bindings [90m(C:\Users\HK\Desktop\GitHub\F
ISHPLUS-Distributor\[39mnode_modules\[4mbindings
[24m\bindings.js:112:48[90m)[39m
    at new Database [90m(C:\Users\HK\Desktop\GitH
ub\FISHPLUS-Distributor\[39mnode_modules\[4mbett
er-sqlite3[24m\lib\database.js:48:64[90m)[39m
    at Object.initialize (C:/Users/HK/Desktop/GitH
ub/FISHPLUS-Distributor/src/database/index.js:34:1
0) {
  code: [32m'ERR_DLOPEN_FAILED'[39m
}

[90mstdout[2m | test/database/queries.test.js[2m > [22m[2mDatabase Queries[2m > [22m[2mSuppliers[2m > [22m[2mshould search suppliers
[22m[39mInitializing database at: :memory:

[90mstderr[2m | 
test/database/queries.test.js[2m > 
[22m[2mDatabase Queries[2m > 
[22m[2mSuppliers[2m > [22m[2mshould search 
suppliers
[22m[39mFailed to initialize database: Error: 
The module '\\?\C:\Users\HK\Desktop\GitHub\FISHPLU
S-Distributor\node_modules\better-sqlite3\build\Re
lease\better_sqlite3.node'
was compiled against a different Node.js version 
using
NODE_MODULE_VERSION 143. This version of Node.js 
requires
NODE_MODULE_VERSION 137. Please try re-compiling 
or re-installing
the module (for instance, using `npm rebuild` or 
`npm install`).
[90m    at Object..node 
(node:internal/modules/cjs/loader:1920:18)[39m
[90m    at Module.load 
(node:internal/modules/cjs/loader:1481:32)[39m
[90m    at Module._load 
(node:internal/modules/cjs/loader:1300:12)[39m
[90m    at TracingChannel.traceSync 
(node:diagnostics_channel:328:14)[39m
[90m    at wrapModuleLoad 
(node:internal/modules/cjs/loader:245:24)[39m
[90m    at Module.require 
(node:internal/modules/cjs/loader:1504:12)[39m
[90m    at require 
(node:internal/modules/helpers:152:16)[39m
    at bindings [90m(C:\Users\HK\Desktop\GitHub\F
ISHPLUS-Distributor\[39mnode_modules\[4mbindings
[24m\bindings.js:112:48[90m)[39m
    at new Database [90m(C:\Users\HK\Desktop\GitH
ub\FISHPLUS-Distributor\[39mnode_modules\[4mbett
er-sqlite3[24m\lib\database.js:48:64[90m)[39m
    at Object.initialize (C:/Users/HK/Desktop/GitH
ub/FISHPLUS-Distributor/src/database/index.js:34:1
0) {
  code: [32m'ERR_DLOPEN_FAILED'[39m
}

[90mstdout[2m | test/database/queries.test.js[2m > [22m[2mDatabase Queries[2m > [22m[2mSuppliers[2m > [22m[2mshould check for duplicate NIC
[22m[39mInitializing database at: :memory:

[90mstderr[2m | 
test/database/queries.test.js[2m > 
[22m[2mDatabase Queries[2m > 
[22m[2mSuppliers[2m > [22m[2mshould check 
for duplicate NIC
[22m[39mFailed to initialize database: Error: 
The module '\\?\C:\Users\HK\Desktop\GitHub\FISHPLU
S-Distributor\node_modules\better-sqlite3\build\Re
lease\better_sqlite3.node'
was compiled against a different Node.js version 
using
NODE_MODULE_VERSION 143. This version of Node.js 
requires
NODE_MODULE_VERSION 137. Please try re-compiling 
or re-installing
the module (for instance, using `npm rebuild` or 
`npm install`).
[90m    at Object..node 
(node:internal/modules/cjs/loader:1920:18)[39m
[90m    at Module.load 
(node:internal/modules/cjs/loader:1481:32)[39m
[90m    at Module._load 
(node:internal/modules/cjs/loader:1300:12)[39m
[90m    at TracingChannel.traceSync 
(node:diagnostics_channel:328:14)[39m
[90m    at wrapModuleLoad 
(node:internal/modules/cjs/loader:245:24)[39m
[90m    at Module.require 
(node:internal/modules/cjs/loader:1504:12)[39m
[90m    at require 
(node:internal/modules/helpers:152:16)[39m
    at bindings [90m(C:\Users\HK\Desktop\GitHub\F
ISHPLUS-Distributor\[39mnode_modules\[4mbindings
[24m\bindings.js:112:48[90m)[39m
    at new Database [90m(C:\Users\HK\Desktop\GitH
ub\FISHPLUS-Distributor\[39mnode_modules\[4mbett
er-sqlite3[24m\lib\database.js:48:64[90m)[39m
    at Object.initialize (C:/Users/HK/Desktop/GitH
ub/FISHPLUS-Distributor/src/database/index.js:34:1
0) {
  code: [32m'ERR_DLOPEN_FAILED'[39m
}

[90mstdout[2m | test/database/queries.test.js[2m > [22m[2mDatabase Queries[2m > [22m[2mCustomers[2m > [22m[2mshould create and retrieve a customer
[22m[39mInitializing database at: :memory:

[90mstderr[2m | 
test/database/queries.test.js[2m > 
[22m[2mDatabase Queries[2m > 
[22m[2mCustomers[2m > [22m[2mshould create 
and retrieve a customer
[22m[39mFailed to initialize database: Error: 
The module '\\?\C:\Users\HK\Desktop\GitHub\FISHPLU
S-Distributor\node_modules\better-sqlite3\build\Re
lease\better_sqlite3.node'
was compiled against a different Node.js version 
using
NODE_MODULE_VERSION 143. This version of Node.js 
requires
NODE_MODULE_VERSION 137. Please try re-compiling 
or re-installing
the module (for instance, using `npm rebuild` or 
`npm install`).
[90m    at Object..node 
(node:internal/modules/cjs/loader:1920:18)[39m
[90m    at Module.load 
(node:internal/modules/cjs/loader:1481:32)[39m
[90m    at Module._load 
(node:internal/modules/cjs/loader:1300:12)[39m
[90m    at TracingChannel.traceSync 
(node:diagnostics_channel:328:14)[39m
[90m    at wrapModuleLoad 
(node:internal/modules/cjs/loader:245:24)[39m
[90m    at Module.require 
(node:internal/modules/cjs/loader:1504:12)[39m
[90m    at require 
(node:internal/modules/helpers:152:16)[39m
    at bindings [90m(C:\Users\HK\Desktop\GitHub\F
ISHPLUS-Distributor\[39mnode_modules\[4mbindings
[24m\bindings.js:112:48[90m)[39m
    at new Database [90m(C:\Users\HK\Desktop\GitH
ub\FISHPLUS-Distributor\[39mnode_modules\[4mbett
er-sqlite3[24m\lib\database.js:48:64[90m)[39m
    at Object.initialize (C:/Users/HK/Desktop/GitH
ub/FISHPLUS-Distributor/src/database/index.js:34:1
0) {
  code: [32m'ERR_DLOPEN_FAILED'[39m
}

[90mstdout[2m | test/database/queries.test.js[2m > [22m[2mDatabase Queries[2m > [22m[2mItems[2m > [22m[2mshould create and retrieve items
[90mstderr[2m | 
test/database/queries.test.js[2m > 
[22m[2mDatabase Queries[2m > 
[22m[2mItems[2m > [22m[2mshould create and 
retrieve items
[22m[39mFailed to initialize database: Error: 
The module '\\?\C:\Users\HK\Desktop\GitHub\FISHPLU
S-Distributor\node_modules\better-sqlite3\build\Re
lease\better_sqlite3.node'
was compiled against a different Node.js version 
using
NODE_MODULE_VERSION 143. This version of Node.js 
requires
NODE_MODULE_VERSION 137. Please try re-compiling 
or re-installing
the module (for instance, using `npm rebuild` or 
`npm install`).
[90m    at Object..node 
(node:internal/modules/cjs/loader:1920:18)[39m
[90m    at Module.load 
(node:internal/modules/cjs/loader:1481:32)[39m
[90m    at Module._load 
(node:internal/modules/cjs/loader:1300:12)[39m
[90m    at TracingChannel.traceSync 
(node:diagnostics_channel:328:14)[39m
[90m    at wrapModuleLoad 
(node:internal/modules/cjs/loader:245:24)[39m
[90m    at Module.require 
(node:internal/modules/cjs/loader:1504:12)[39m
[90m    at require 
(node:internal/modules/helpers:152:16)[39m
    at bindings [90m(C:\Users\HK\Desktop\GitHub\F
ISHPLUS-Distributor\[39mnode_modules\[4mbindings
[24m\bindings.js:112:48[90m)[39m
    at new Database [90m(C:\Users\HK\Desktop\GitH
ub\FISHPLUS-Distributor\[39mnode_modules\[4mbett
er-sqlite3[24m\lib\database.js:48:64[90m)[39m
    at Object.initialize (C:/Users/HK/Desktop/GitH
ub/FISHPLUS-Distributor/src/database/index.js:34:1
0) {
  code: [32m'ERR_DLOPEN_FAILED'[39m
}


[31mΓÄ»ΓÄ»ΓÄ»ΓÄ»ΓÄ»ΓÄ»ΓÄ»[39m[1m[41m Failed 
Tests 7 [49m[22m[31mΓÄ»ΓÄ»ΓÄ»ΓÄ»ΓÄ»ΓÄ»ΓÄ»[39m

[41m[1m FAIL [22m[49m 
test/database/queries.test.js[2m > [22mDatabase 
Queries[2m > [22mSettings[2m > [22mshould get 
and set settings
[41m[1m FAIL [22m[49m 
test/database/queries.test.js[2m > [22mDatabase 
Queries[2m > [22mSettings[2m > [22mshould 
return null for non-existent setting
[41m[1m FAIL [22m[49m 
test/database/queries.test.js[2m > [22mDatabase 
Queries[2m > [22mSuppliers[2m > [22mshould 
create and retrieve a supplier
[41m[1m FAIL [22m[49m 
test/database/queries.test.js[2m > [22mDatabase 
Queries[2m > [22mSuppliers[2m > [22mshould 
search suppliers
[41m[1m FAIL [22m[49m 
test/database/queries.test.js[2m > [22mDatabase 
Queries[2m > [22mSuppliers[2m > [22mshould 
check for duplicate NIC
[41m[1m FAIL [22m[49m 
test/database/queries.test.js[2m > [22mDatabase 
Queries[2m > [22mCustomers[2m > [22mshould 
create and retrieve a customer
[41m[1m FAIL [22m[49m 
test/database/queries.test.js[2m > [22mDatabase 
Queries[2m > [22mItems[2m > [22mshould create 
and retrieve items
[31m[1mError[22m: The module '\\?\C:\Users\HK\D
esktop\GitHub\FISHPLUS-Distributor\node_modules\be
tter-sqlite3\build\Release\better_sqlite3.node'
was compiled against a different Node.js version 
using
NODE_MODULE_VERSION 143. This version of Node.js 
requires
NODE_MODULE_VERSION 137. Please try re-compiling 
or re-installing
the module (for instance, using `npm rebuild` or 
`npm install`).[39m
[90m [2mΓ¥»[22m bindings node_modules/bindings/
bindings.js:[2m112:48[22m[39m
[90m [2mΓ¥»[22m new Database node_modules/bette
r-sqlite3/lib/database.js:[2m48:64[22m[39m
[36m [2mΓ¥»[22m Object.initialize 
src/database/index.js:[2m34:10[22m[39m
    [90m 32| [39m
    [90m 33| [39m    [90m// Create database 
connection[39m
    [90m 34| [39m    db [33m=[39m 
[35mnew[39m 
[33mDatabase[39m(dbPath[33m,[39m { 
verbose[33m:[39m console[33m.[39mlog 
})[33m;[39m
    [90m   | [39m         [31m^[39m
    [90m 35| [39m
    [90m 36| [39m    [90m// Enable WAL mode 
for better concurrency[39m

[31m[2mΓÄ»ΓÄ»ΓÄ»ΓÄ»ΓÄ»ΓÄ»ΓÄ»ΓÄ»ΓÄ»ΓÄ»ΓÄ»ΓÄ»ΓÄ»ΓÄ
»ΓÄ»ΓÄ»ΓÄ»ΓÄ»ΓÄ»ΓÄ»ΓÄ»ΓÄ»ΓÄ»ΓÄ»[1/7]ΓÄ»[22m[39m

[22m[39mInitializing database at: :memory:

 [31mΓ¥»[39m test/database/queries.test.js [2m([22m[2m7 tests[22m[2m | [22m[31m7 failed[39m[2m)[22m[32m 62[2mms[22m[39m
[31m       [31m├ù[31m should get and set settings[39m[32m 23[2mms[22m[39m
[31m       [31m├ù[31m should return null for non-existent setting[39m[32m 6[2mms[22m[39m
[31m       [31m├ù[31m should create and retrieve a supplier[39m[32m 6[2mms[22m[39m
[31m       [31m├ù[31m should search suppliers[39m[32m 6[2mms[22m[39m
[31m       [31m├ù[31m should check for duplicate NIC[39m[32m 6[2mms[22m[39m
[31m       [31m├ù[31m should create and retrieve a customer[39m[32m 6[2mms[22m[39m
[31m       [31m├ù[31m should create and retrieve items[39m[32m 5[2mms[22m[39m

[2m Test Files [22m [1m[31m1 failed[39m[22m[90m (1)[39m
[2m      Tests [22m [1m[31m7 failed[39m[22m[90m (7)[39m
[2m   Start at [22m 00:35:49
[2m   Duration [22m 2.76s[2m (transform 179ms, setup 264ms, import 170ms, tests 62ms, environment 1.86s)[22m

