
[1m[46m RUN [49m[22m [36mv4.0.18 [39m[90mC:/Users/HK/Desktop/GitHub/FISHPLUS-Distributor[39m

 [32m✓[39m test/sanity.test.js [2m([22m[2m1 test[22m[2m)[22m[32m 4[2mms[22m[39m
 [32m✓[39m test/example.test.js [2m([22m[2m6 tests[22m[2m)[22m[32m 13[2mms[22m[39m
 [32m✓[39m test/calculations.test.js [2m([22m[2m38 tests[22m[2m)[22m[32m 10[2mms[22m[39m
 [32m✓[39m test/validators.test.js [2m([22m[2m38 tests[22m[2m)[22m[32m 18[2mms[22m[39m
 [32m✓[39m test/formatters.test.js [2m([22m[2m26 tests[22m[2m)[22m[32m 149[2mms[22m[39m
 [32m✓[39m test/database/reports.test.js [2m([22m[2m43 tests[22m[2m)[22m[32m 33[2mms[22m[39m
 [32m✓[39m test/database/queries.test.js [2m([22m[2m60 tests[22m[2m)[22m[32m 50[2mms[22m[39m
 [32m✓[39m test/ipc/preload.test.js [2m([22m[2m11 tests[22m[2m)[22m[32m 280[2mms[22m[39m
[90mstdout[2m | test/ipc/handlers.test.js[2m > [22m[2mIPC Handlers[2m > [22m[2mregisters all expected handlers
[22m[39mDEBUG: Registered handlers: [
  [32m'settings:getAll'[39m,
  [32m'settings:saveOne'[39m,
  [32m'dashboard:getSupplierAdvances'[39m,
  [32m'dashboard:getItemsStock'[39m,
  [32m'dashboard:getSummary'[39m,
  [32m'supplier:getAll'[39m,
  [32m'supplier:getById'[39m,
  [32m'supplier:create'[39m,
  [32m'supplier:update'[39m,
  [32m'supplier:delete'[39m,
  [32m'supplier:search'[39m,
  [32m'supplier:checkNic'[39m,
  [32m'customer:getAll'[39m,
  [32m'customer:getById'[39m,
  [32m'customer:create'[39m,
  [32m'customer:update'[39m,
  [32m'customer:delete'[39m,
  [32m'customer:search'[39m,
  [32m'customer:checkNic'[39m,
  [32m'reference:getCities'[39m,
  [32m'reference:getCountries'[39m,
  [32m'reference:getCategories'[39m,
  [32m'supplierBill:getAll'[39m,
  [32m'supplierBill:getById'[39m,
  [32m'supplierBill:create'[39m,
  [32m'supplierBill:update'[39m,
  [32m'supplierBill:delete'[39m,
  [32m'supplierBill:generatePreview'[39m,
  [32m'supplierBill:getNextNumber'[39m,
  [32m'item:getAll'[39m,
  [32m'item:getById'[39m,
  [32m'item:create'[39m,
  [32m'item:update'[39m,
  [32m'item:delete'[39m,
  [32m'item:search'[39m,
  [32m'item:checkName'[39m,
  [32m'sale:getAll'[39m,
  [32m'sale:getById'[39m,
  [32m'sale:create'[39m,
  [32m'sale:update'[39m,
  [32m'sale:delete'[39m,
  [32m'sale:search'[39m,
  [32m'sale:getNextNumber'[39m,
  [32m'purchase:getAll'[39m,
  [32m'purchase:getById'[39m,
  [32m'purchase:create'[39m,
  [32m'purchase:update'[39m,
  [32m'purchase:delete'[39m,
  [32m'purchase:search'[39m,
  [32m'purchase:getNextNumber'[39m,
  [32m'report:clientRecovery'[39m,
  [32m'report:itemSales'[39m,
  [32m'report:dailySales'[39m,
  [32m'report:ledger'[39m,
  [32m'report:itemPurchases'[39m,
  [32m'report:stock'[39m,
  [32m'report:customerRegister'[39m,
  [32m'report:concession'[39m,
  [32m'report:dailyDetails'[39m,
  [32m'report:vendorSales'[39m,
  [32m'report:vendorStockBill'[39m,
  [32m'report:netSummary'[39m,
  [32m'app:getVersion'[39m,
  [32m'app:getPlatform'[39m,
  [32m'app:getPath'[39m,
  [32m'print:report'[39m,
  [32m'print:preview'[39m,
  [32m'export:pdf'[39m,
  [32m'export:excel'[39m,
  [32m'export:csv'[39m,
  [32m'backup:create'[39m,
  [32m'backup:restore'[39m,
  [32m'backup:list'[39m,
  [32m'yearEnd:getPreview'[39m,
  [32m'yearEnd:process'[39m,
  [32m'yearEnd:getHistory'[39m
]

 [32m✓[39m test/ipc/handlers.test.js [2m([22m[2m40 tests[22m[2m)[22m[32m 169[2mms[22m[39m
 [32m✓[39m test/services/printService.test.js [2m([22m[2m9 tests[22m[2m | [22m[33m1 skipped[39m[2m)[22m[33m 1570[2mms[22m[39m
       [33m[2m✓[22m[39m creates a hidden window and prints [33m 521[2mms[22m[39m
       [33m[2m✓[22m[39m handles print errors [33m 514[2mms[22m[39m
       [33m[2m✓[22m[39m saves PDF to file [33m 519[2mms[22m[39m
 [32m✓[39m test/components/DashboardButton.test.jsx [2m([22m[2m6 tests[22m[2m)[22m[33m 506[2mms[22m[39m
 [31m❯[39m test/components/ItemStockDisplay.test.jsx [2m([22m[2m3 tests[22m[2m | [22m[31m1 failed[39m[2m)[22m[33m 682[2mms[22m[39m
     [32m✓[39m renders loading state correctly[32m 113[2mms[22m[39m
[31m     [31m×[31m renders empty state correctly[39m[33m 373[2mms[22m[39m
     [32m✓[39m renders items with correct stock levels[32m 192[2mms[22m[39m
 [31m❯[39m test/components/SupplierForm.test.jsx [2m([22m[2m9 tests[22m[2m | [22m[31m3 failed[39m[2m)[22m[33m 4301[2mms[22m[39m
     [33m[2m✓[22m[39m renders the modal with Add New Supplier title [33m 1000[2mms[22m[39m
     [33m[2m✓[22m[39m renders Save button in create mode [33m 586[2mms[22m[39m
[31m     [31m×[31m renders all required form fields[39m[33m 373[2mms[22m[39m
     [33m[2m✓[22m[39m renders Update button in edit mode [33m 572[2mms[22m[39m
[31m     [31m×[31m populates name field in edit mode[39m[33m 383[2mms[22m[39m
[31m     [31m×[31m calls create API when form is valid and Save is clicked[39m[33m 319[2mms[22m[39m
     [33m[2m✓[22m[39m shows required error when name is left empty and save is clicked [33m 597[2mms[22m[39m
     [33m[2m✓[22m[39m calls onClose when Close button is clicked (clean form) [33m 380[2mms[22m[39m
     [32m✓[39m renders nothing when opened is false[32m 35[2mms[22m[39m
 [31m❯[39m test/components/SaleForm.test.jsx [2m([22m[2m11 tests[22m[2m | [22m[31m4 failed[39m[2m)[22m[33m 8493[2mms[22m[39m
     [33m[2m✓[22m[39m renders New Sale title in create mode [33m 1322[2mms[22m[39m
     [33m[2m✓[22m[39m renders Edit Sale title when editSale is provided [33m 562[2mms[22m[39m
     [33m[2m✓[22m[39m renders the Save Sale button [33m 744[2mms[22m[39m
     [33m[2m✓[22m[39m renders the Update Sale button in edit mode [33m 589[2mms[22m[39m
[31m     [31m×[31m renders the Add Line Item button[39m[33m 1614[2mms[22m[39m
     [33m[2m✓[22m[39m renders summary section with Balance label [33m 384[2mms[22m[39m
[31m     [31m×[31m renders the table header columns[39m[33m 418[2mms[22m[39m
[31m     [31m×[31m starts with one line item row[39m[33m 380[2mms[22m[39m
[31m     [31m×[31m adds a second line item row when Add Line Item is clicked[39m[33m 1530[2mms[22m[39m
     [33m[2m✓[22m[39m calls onCancel when Cancel button is clicked [33m 473[2mms[22m[39m
     [33m[2m✓[22m[39m shows zero balance when no items have been entered [33m 384[2mms[22m[39m

[2m Test Files [22m [1m[31m3 failed[39m[22m[2m | [22m[1m[32m11 passed[39m[22m[90m (14)[39m
[2m      Tests [22m [1m[31m8 failed[39m[22m[2m | [22m[1m[32m292 passed[39m[22m[2m | [22m[33m1 skipped[39m[90m (301)[39m
[2m   Start at [22m 23:33:08
[2m   Duration [22m 16.09s[2m (transform 4.59s, setup 5.98s, import 15.38s, tests 16.28s, environment 42.21s)[22m

